// Vitest Snapshot v1, https://vitest.dev/guide/snapshot.html

exports[`BeerList > matches snapshot 1`] = `
"<div class=\\"flex flex-col mx-auto sm:w-1/2\\">
  <h1 class=\\"mx-auto font-semibold text-5xl mt-10 mb-5\\">Brew Dog - Beer List</h1>
  <h2 class=\\"mx-auto\\">
    <fa class=\\"my-auto\\" icon=\\"fas,cow\\"></fa> = Contains Lactose
  </h2>
  <h2 class=\\"mx-auto bg-green-300 p-1\\">Dry Hopped</h2>
</div>"
`;
